// Jest Snapshot v1, https://goo.gl/fbAQLP

exports[`Missions Component snapshot test 1`] = `
<section
  className="missions"
>
  <div
    className="container"
  >
    <table
      className="table-bordered"
    >
      <thead>
        <tr>
          <td
            scope="col"
          >
            Mission
          </td>
          <td
            scope="col"
          >
            Description
          </td>
          <td
            scope="col"
          >
            Status
          </td>
          <td
            scope="col"
          >
             
          </td>
        </tr>
      </thead>
      <tbody />
    </table>
  </div>
</section>
`;
